../Core/Src/CAN/can_bus_task.c:41:6:can_init	32	static
../Core/Src/CAN/can_bus_task.c:65:6:lcd_send_string	16	static
../Core/Src/CAN/can_bus_task.c:68:6:lcd_send_data	32	static
../Core/Src/CAN/can_bus_task.c:80:6:lcd_send_cmd	32	static
../Core/Src/CAN/can_bus_task.c:92:6:lcd_init	8	static
../Core/Src/CAN/can_bus_task.c:116:6:panel_init	12	static
../Core/Src/CAN/can_bus_task.c:150:6:pot_init	24	static
../Core/Src/CAN/can_bus_task.c:171:6:getWiper	32	static
../Core/Src/CAN/can_bus_task.c:187:6:setWiper	32	static
../Core/Src/CAN/can_bus_task.c:204:6:can_tx_task	8	static
../Core/Src/CAN/can_bus_task.c:234:6:can_rx_task	64	static
../Core/Src/CAN/can_bus_task.c:251:6:sdv_autonomous_loop1	4	static
../Core/Src/CAN/can_bus_task.c:255:6:can_task_panel	8	static
../Core/Src/CAN/can_bus_task.c:289:6:can_task_pot	16	static
../Core/Src/CAN/can_bus_task.c:303:6:can_task_lcd	8	static
