../Core/Src/CAN/can_bus_task.c:49:6:can_init	32	static
../Core/Src/CAN/can_bus_task.c:73:6:lcd_send_string	16	static
../Core/Src/CAN/can_bus_task.c:76:6:lcd_send_data	32	static
../Core/Src/CAN/can_bus_task.c:88:6:lcd_send_cmd	32	static
../Core/Src/CAN/can_bus_task.c:100:6:lcd_init	8	static
../Core/Src/CAN/can_bus_task.c:124:6:panel_init	12	static
../Core/Src/CAN/can_bus_task.c:158:6:pot_init	24	static
../Core/Src/CAN/can_bus_task.c:199:6:getWiper	32	static
../Core/Src/CAN/can_bus_task.c:211:6:setWiper	32	static
../Core/Src/CAN/can_bus_task.c:223:6:can_tx_task	8	static
../Core/Src/CAN/can_bus_task.c:278:6:can_rx_task	64	static
../Core/Src/CAN/can_bus_task.c:291:6:sdv_autonomous_loop1	4	static
../Core/Src/CAN/can_bus_task.c:295:6:can_task_panel	8	static
../Core/Src/CAN/can_bus_task.c:329:6:can_task_pot	24	static
../Core/Src/CAN/can_bus_task.c:396:6:can_task_lcd	8	static
